../X-CUBE-AI/App/aiTestUtility.h:151:20:_mon_alloc_reset	8	static
../X-CUBE-AI/App/aiTestUtility.h:297:22:dwtIpInit	0	static
../X-CUBE-AI/App/aiTestUtility.h:389:26:cyclesCounterEnd	24	static
../X-CUBE-AI/App/aiSystemPerformance.c:266:15:user_observer_cb	32	static
../X-CUBE-AI/App/aiSystemPerformance.c:227:13:aiDeInit	8	static
../X-CUBE-AI/App/aiSystemPerformance.c:628:12:aiTestConsole	16	static
../X-CUBE-AI/App/aiSystemPerformance.c:290:6:aiObserverInit	88	static
../X-CUBE-AI/App/aiSystemPerformance.c:329:6:aiObserverDone	168	static
../X-CUBE-AI/App/aiSystemPerformance.c:662:5:aiSystemPerformanceInit	56	static
../X-CUBE-AI/App/aiSystemPerformance.c:681:5:aiSystemPerformanceProcess	152	static,ignoring_inline_asm
../X-CUBE-AI/App/aiSystemPerformance.c:767:6:aiSystemPerformanceDeInit	8	static
../X-CUBE-AI/App/aiSystemPerformance.c:795:6:HAL_UART_RxCpltCallback	0	static
