../USB_HOST/Target/usbh_conf.c:63:6:HAL_HCD_MspInit	40	static
../USB_HOST/Target/usbh_conf.c:108:6:HAL_HCD_MspDeInit	16	static
../USB_HOST/Target/usbh_conf.c:150:6:HAL_HCD_SOF_Callback	0	static
../USB_HOST/Target/usbh_conf.c:160:6:HAL_HCD_Connect_Callback	0	static
../USB_HOST/Target/usbh_conf.c:170:6:HAL_HCD_Disconnect_Callback	0	static
../USB_HOST/Target/usbh_conf.c:182:6:HAL_HCD_HC_NotifyURBChange_Callback	0	static
../USB_HOST/Target/usbh_conf.c:195:6:HAL_HCD_PortEnabled_Callback	0	static
../USB_HOST/Target/usbh_conf.c:205:6:HAL_HCD_PortDisabled_Callback	0	static
../USB_HOST/Target/usbh_conf.c:219:20:USBH_LL_Init	8	static
../USB_HOST/Target/usbh_conf.c:300:19:USBH_LL_GetSpeed	8	static
../USB_HOST/Target/usbh_conf.c:348:10:USBH_LL_GetLastXferSize	0	static
../USB_HOST/Target/usbh_conf.c:453:22:USBH_LL_GetURBState	0	static
../USB_HOST/Target/usbh_conf.c:467:20:USBH_LL_DriverVBUS	8	static
../USB_HOST/Target/usbh_conf.c:488:20:USBH_LL_SetToggle	0	static
../USB_HOST/Target/usbh_conf.c:511:9:USBH_LL_GetToggle	0	static
../USB_HOST/Target/usbh_conf.c:533:6:USBH_Delay	0	static
../USB_HOST/Target/usbh_conf.c:543:20:USBH_Get_USB_Status	0	static
../USB_HOST/Target/usbh_conf.c:249:20:USBH_LL_DeInit	8	static
../USB_HOST/Target/usbh_conf.c:266:20:USBH_LL_Start	8	static
../USB_HOST/Target/usbh_conf.c:283:20:USBH_LL_Stop	8	static
../USB_HOST/Target/usbh_conf.c:330:20:USBH_LL_ResetPort	8	static
../USB_HOST/Target/usbh_conf.c:364:20:USBH_LL_OpenPipe	32	static
../USB_HOST/Target/usbh_conf.c:384:20:USBH_LL_ClosePipe	8	static
../USB_HOST/Target/usbh_conf.c:423:20:USBH_LL_SubmitURB	32	static
